// Jest Snapshot v1, https://goo.gl/fbAQLP

exports[`PokemonOptions component debe de hacer match con el snapshot 1`] = `
<div class="options-container d-flex justify-center items-center">
  <ul>
    <li disable="false" class="">pikachu</li>
    <li disable="false" class="">charmander</li>
    <li disable="false" class="">venusaur</li>
    <li disable="false" class="">mew</li>
  </ul>
</div>
`;
